// Jest Snapshot v1, https://goo.gl/fbAQLP

exports[`NewProjectForm Container should match the snap shot 1`] = `ShallowWrapper {}`;
