// Jest Snapshot v1, https://goo.gl/fbAQLP

exports[`Color Container should match the snapshot 1`] = `ShallowWrapper {}`;
