// Jest Snapshot v1, https://goo.gl/fbAQLP

exports[`App Container renders without crashing 1`] = `ShallowWrapper {}`;
