// Jest Snapshot v1, https://goo.gl/fbAQLP

exports[`Projects Container HAPPY: Should match the snapshot 1`] = `ShallowWrapper {}`;
