// Jest Snapshot v1, https://goo.gl/fbAQLP

exports[`ColorPreview should match the snapshot 1`] = `ShallowWrapper {}`;
