// Jest Snapshot v1, https://goo.gl/fbAQLP

exports[`SingleProject should do match the snapshot 1`] = `ShallowWrapper {}`;
